// Jest Snapshot v1, https://goo.gl/fbAQLP

exports[`DatePicker prop locale should works 1`] = `
<span
  class="jc-calendar-picker"
>
  <div
    style=""
  >
    <input
      class="jc-calendar-picker-input jc-input"
      placeholder="Избери дата"
      readonly=""
      value="2000-01-01"
    />
    <i
      class="jcicon jcicon-cross-circle  jc-calendar-picker-clear"
    />
    <span
      class="jc-calendar-picker-icon"
    />
  </div>
</span>
`;
