// Jest Snapshot v1, https://goo.gl/fbAQLP

exports[`Table.sorter renders sorter icon correctly 1`] = `
<thead
  class="jc-table-thead"
>
  <tr>
    <th
      class="jc-table-column-has-filters"
    >
      <span>
        Name
        <div
          class="jc-table-column-sorter"
        >
          <span
            class="jc-table-column-sorter-up off"
            title="↑"
          >
            <i
              class="jcicon jcicon-caret-up "
            />
          </span>
          <span
            class="jc-table-column-sorter-down off"
            title="↓"
          >
            <i
              class="jcicon jcicon-caret-down "
            />
          </span>
        </div>
      </span>
    </th>
  </tr>
</thead>
`;
