// Jest Snapshot v1, https://goo.gl/fbAQLP

exports[`Table.rowSelection fix selection column on the left 1`] = `
<div
  class="jc-table-wrapper"
>
  <div
    class="jc-spin-nested-loading"
  >
    <div
      class="jc-spin-container"
    >
      <div
        class="jc-table jc-table-large jc-table-scroll-position-left"
      >
        <div
          class="jc-table-content"
        >
          <div
            class="jc-table-scroll"
          >
            <div
              class="jc-table-body"
            >
              <table
                class=""
              >
                <colgroup>
                  <col />
                  <col />
                </colgroup>
                <thead
                  class="jc-table-thead"
                >
                  <tr>
                    <th
                      class="jc-table-selection-column"
                    >
                      <span>
                        <div
                          class="jc-table-selection"
                        >
                          <label
                            class="jc-checkbox-wrapper"
                          >
                            <span
                              class="jc-checkbox"
                            >
                              <input
                                class="jc-checkbox-input"
                                type="checkbox"
                              />
                              <span
                                class="jc-checkbox-inner"
                              />
                            </span>
                          </label>
                        </div>
                      </span>
                    </th>
                    <th
                      class=""
                    >
                      <span>
                        Name
                      </span>
                    </th>
                  </tr>
                </thead>
                <tbody
                  class="jc-table-tbody"
                >
                  <tr
                    class="jc-table-row  jc-table-row-level-0"
                  >
                    <td
                      class="jc-table-selection-column"
                    >
                      <span>
                        <label
                          class="jc-checkbox-wrapper"
                        >
                          <span
                            class="jc-checkbox"
                          >
                            <input
                              class="jc-checkbox-input"
                              type="checkbox"
                            />
                            <span
                              class="jc-checkbox-inner"
                            />
                          </span>
                        </label>
                      </span>
                    </td>
                    <td
                      class=""
                    >
                      <span
                        class="jc-table-row-indent indent-level-0"
                        style="padding-left:0px"
                      />
                      Jack
                    </td>
                  </tr>
                  <tr
                    class="jc-table-row  jc-table-row-level-0"
                  >
                    <td
                      class="jc-table-selection-column"
                    >
                      <span>
                        <label
                          class="jc-checkbox-wrapper"
                        >
                          <span
                            class="jc-checkbox"
                          >
                            <input
                              class="jc-checkbox-input"
                              type="checkbox"
                            />
                            <span
                              class="jc-checkbox-inner"
                            />
                          </span>
                        </label>
                      </span>
                    </td>
                    <td
                      class=""
                    >
                      <span
                        class="jc-table-row-indent indent-level-0"
                        style="padding-left:0px"
                      />
                      Lucy
                    </td>
                  </tr>
                  <tr
                    class="jc-table-row  jc-table-row-level-0"
                  >
                    <td
                      class="jc-table-selection-column"
                    >
                      <span>
                        <label
                          class="jc-checkbox-wrapper"
                        >
                          <span
                            class="jc-checkbox"
                          >
                            <input
                              class="jc-checkbox-input"
                              type="checkbox"
                            />
                            <span
                              class="jc-checkbox-inner"
                            />
                          </span>
                        </label>
                      </span>
                    </td>
                    <td
                      class=""
                    >
                      <span
                        class="jc-table-row-indent indent-level-0"
                        style="padding-left:0px"
                      />
                      Tom
                    </td>
                  </tr>
                  <tr
                    class="jc-table-row  jc-table-row-level-0"
                  >
                    <td
                      class="jc-table-selection-column"
                    >
                      <span>
                        <label
                          class="jc-checkbox-wrapper"
                        >
                          <span
                            class="jc-checkbox"
                          >
                            <input
                              class="jc-checkbox-input"
                              type="checkbox"
                            />
                            <span
                              class="jc-checkbox-inner"
                            />
                          </span>
                        </label>
                      </span>
                    </td>
                    <td
                      class=""
                    >
                      <span
                        class="jc-table-row-indent indent-level-0"
                        style="padding-left:0px"
                      />
                      Jerry
                    </td>
                  </tr>
                </tbody>
              </table>
            </div>
          </div>
          <div
            class="jc-table-fixed-left"
          >
            <div
              class="jc-table-body-outer"
              style="-webkit-transform:translate3d (0, 0, 0)"
            >
              <div
                class="jc-table-body-inner"
              >
                <table
                  class="jc-table-fixed"
                >
                  <colgroup>
                    <col />
                  </colgroup>
                  <thead
                    class="jc-table-thead"
                  >
                    <tr>
                      <th
                        class="jc-table-selection-column"
                      >
                        <span>
                          <div
                            class="jc-table-selection"
                          >
                            <label
                              class="jc-checkbox-wrapper"
                            >
                              <span
                                class="jc-checkbox"
                              >
                                <input
                                  class="jc-checkbox-input"
                                  type="checkbox"
                                />
                                <span
                                  class="jc-checkbox-inner"
                                />
                              </span>
                            </label>
                          </div>
                        </span>
                      </th>
                    </tr>
                  </thead>
                  <tbody
                    class="jc-table-tbody"
                  >
                    <tr
                      class="jc-table-row  jc-table-row-level-0"
                    >
                      <td
                        class="jc-table-selection-column"
                      >
                        <span>
                          <label
                            class="jc-checkbox-wrapper"
                          >
                            <span
                              class="jc-checkbox"
                            >
                              <input
                                class="jc-checkbox-input"
                                type="checkbox"
                              />
                              <span
                                class="jc-checkbox-inner"
                              />
                            </span>
                          </label>
                        </span>
                      </td>
                    </tr>
                    <tr
                      class="jc-table-row  jc-table-row-level-0"
                    >
                      <td
                        class="jc-table-selection-column"
                      >
                        <span>
                          <label
                            class="jc-checkbox-wrapper"
                          >
                            <span
                              class="jc-checkbox"
                            >
                              <input
                                class="jc-checkbox-input"
                                type="checkbox"
                              />
                              <span
                                class="jc-checkbox-inner"
                              />
                            </span>
                          </label>
                        </span>
                      </td>
                    </tr>
                    <tr
                      class="jc-table-row  jc-table-row-level-0"
                    >
                      <td
                        class="jc-table-selection-column"
                      >
                        <span>
                          <label
                            class="jc-checkbox-wrapper"
                          >
                            <span
                              class="jc-checkbox"
                            >
                              <input
                                class="jc-checkbox-input"
                                type="checkbox"
                              />
                              <span
                                class="jc-checkbox-inner"
                              />
                            </span>
                          </label>
                        </span>
                      </td>
                    </tr>
                    <tr
                      class="jc-table-row  jc-table-row-level-0"
                    >
                      <td
                        class="jc-table-selection-column"
                      >
                        <span>
                          <label
                            class="jc-checkbox-wrapper"
                          >
                            <span
                              class="jc-checkbox"
                            >
                              <input
                                class="jc-checkbox-input"
                                type="checkbox"
                              />
                              <span
                                class="jc-checkbox-inner"
                              />
                            </span>
                          </label>
                        </span>
                      </td>
                    </tr>
                  </tbody>
                </table>
              </div>
            </div>
          </div>
        </div>
      </div>
      <ul
        class="jc-pagination jc-table-pagination"
        unselectable="unselectable"
      >
        <li
          aria-disabled="true"
          class="jc-pagination-disabled jc-pagination-prev"
          title="Previous Page"
        >
          <a
            class="jc-pagination-item-link"
          />
        </li>
        <li
          class="jc-pagination-item jc-pagination-item-1 jc-pagination-item-active"
          tabindex="0"
          title="1"
        >
          <a>
            1
          </a>
        </li>
        <li
          aria-disabled="true"
          class="jc-pagination-disabled jc-pagination-next"
          title="Next Page"
        >
          <a
            class="jc-pagination-item-link"
          />
        </li>
      </ul>
    </div>
  </div>
</div>
`;

exports[`Table.rowSelection render with default selection correctly 1`] = `
<div>
  <div
    class="jc-dropdown  jc-dropdown-placement-bottomLeft  jc-dropdown-hidden"
  >
    <ul
      aria-activedescendant=""
      class="jc-dropdown-menu jc-table-selection-menu jc-dropdown-menu-light jc-dropdown-menu-root jc-dropdown-menu-vertical"
      role="menu"
      tabindex="0"
    >
      <li
        aria-selected="false"
        class="jc-dropdown-menu-item"
        role="menuitem"
      >
        <div>
          Select current page
        </div>
      </li>
      <li
        aria-selected="false"
        class="jc-dropdown-menu-item"
        role="menuitem"
      >
        <div>
          Invert current page
        </div>
      </li>
    </ul>
  </div>
</div>
`;
