// Jest Snapshot v1, https://goo.gl/fbAQLP

exports[`Table.pagination renders pagination correctly 1`] = `
<div
  class="jc-table-wrapper"
>
  <div
    class="jc-spin-nested-loading"
  >
    <div
      class="jc-spin-container"
    >
      <div
        class="jc-table jc-table-large jc-table-scroll-position-left"
      >
        <div
          class="jc-table-content"
        >
          <div
            class="jc-table-body"
          >
            <table
              class=""
            >
              <colgroup>
                <col />
              </colgroup>
              <thead
                class="jc-table-thead"
              >
                <tr>
                  <th
                    class=""
                  >
                    <span>
                      Name
                    </span>
                  </th>
                </tr>
              </thead>
              <tbody
                class="jc-table-tbody"
              >
                <tr
                  class="jc-table-row  jc-table-row-level-0"
                >
                  <td
                    class=""
                  >
                    <span
                      class="jc-table-row-indent indent-level-0"
                      style="padding-left:0px"
                    />
                    Jack
                  </td>
                </tr>
                <tr
                  class="jc-table-row  jc-table-row-level-0"
                >
                  <td
                    class=""
                  >
                    <span
                      class="jc-table-row-indent indent-level-0"
                      style="padding-left:0px"
                    />
                    Lucy
                  </td>
                </tr>
              </tbody>
            </table>
          </div>
        </div>
      </div>
      <ul
        class="jc-pagination my-page jc-table-pagination"
        unselectable="unselectable"
      >
        <li
          aria-disabled="true"
          class="jc-pagination-disabled jc-pagination-prev"
          title="Previous Page"
        >
          <a
            class="jc-pagination-item-link"
          />
        </li>
        <li
          class="jc-pagination-item jc-pagination-item-1 jc-pagination-item-active"
          tabindex="0"
          title="1"
        >
          <a>
            1
          </a>
        </li>
        <li
          class="jc-pagination-item jc-pagination-item-2"
          tabindex="0"
          title="2"
        >
          <a>
            2
          </a>
        </li>
        <li
          aria-disabled="false"
          class=" jc-pagination-next"
          tabindex="0"
          title="Next Page"
        >
          <a
            class="jc-pagination-item-link"
          />
        </li>
      </ul>
    </div>
  </div>
</div>
`;
