// Jest Snapshot v1, https://goo.gl/fbAQLP

exports[`<Avatar /> Basic 基本用法 1`] = `
<ul
  className="jc-rate"
  onBlur={[Function]}
  onFocus={[Function]}
  onKeyDown={[Function]}
  onMouseLeave={[Function]}
  style={Object {}}
  tabIndex={0}
>
  <li
    className="jc-rate-star jc-rate-star-zero"
    onClick={[Function]}
    onMouseMove={[Function]}
  >
    <div
      className="jc-rate-star-first"
    >
      <i
        className="jcicon jcicon-star "
        style={Object {}}
      />
    </div>
    <div
      className="jc-rate-star-second"
    >
      <i
        className="jcicon jcicon-star "
        style={Object {}}
      />
    </div>
  </li>
  <li
    className="jc-rate-star jc-rate-star-zero"
    onClick={[Function]}
    onMouseMove={[Function]}
  >
    <div
      className="jc-rate-star-first"
    >
      <i
        className="jcicon jcicon-star "
        style={Object {}}
      />
    </div>
    <div
      className="jc-rate-star-second"
    >
      <i
        className="jcicon jcicon-star "
        style={Object {}}
      />
    </div>
  </li>
  <li
    className="jc-rate-star jc-rate-star-zero"
    onClick={[Function]}
    onMouseMove={[Function]}
  >
    <div
      className="jc-rate-star-first"
    >
      <i
        className="jcicon jcicon-star "
        style={Object {}}
      />
    </div>
    <div
      className="jc-rate-star-second"
    >
      <i
        className="jcicon jcicon-star "
        style={Object {}}
      />
    </div>
  </li>
  <li
    className="jc-rate-star jc-rate-star-zero"
    onClick={[Function]}
    onMouseMove={[Function]}
  >
    <div
      className="jc-rate-star-first"
    >
      <i
        className="jcicon jcicon-star "
        style={Object {}}
      />
    </div>
    <div
      className="jc-rate-star-second"
    >
      <i
        className="jcicon jcicon-star "
        style={Object {}}
      />
    </div>
  </li>
  <li
    className="jc-rate-star jc-rate-star-zero"
    onClick={[Function]}
    onMouseMove={[Function]}
  >
    <div
      className="jc-rate-star-first"
    >
      <i
        className="jcicon jcicon-star "
        style={Object {}}
      />
    </div>
    <div
      className="jc-rate-star-second"
    >
      <i
        className="jcicon jcicon-star "
        style={Object {}}
      />
    </div>
  </li>
</ul>
`;

exports[`<Avatar /> Character 其他字符 1`] = `
<div>
  <ul
    className="jc-rate"
    onBlur={[Function]}
    onFocus={[Function]}
    onKeyDown={[Function]}
    onMouseLeave={[Function]}
    style={Object {}}
    tabIndex={0}
  >
    <li
      className="jc-rate-star jc-rate-star-zero"
      onClick={[Function]}
      onMouseMove={[Function]}
    >
      <div
        className="jc-rate-star-first"
      >
        <i
          className="jcicon jcicon-heart "
          style={Object {}}
        />
      </div>
      <div
        className="jc-rate-star-second"
      >
        <i
          className="jcicon jcicon-heart "
          style={Object {}}
        />
      </div>
    </li>
    <li
      className="jc-rate-star jc-rate-star-zero"
      onClick={[Function]}
      onMouseMove={[Function]}
    >
      <div
        className="jc-rate-star-first"
      >
        <i
          className="jcicon jcicon-heart "
          style={Object {}}
        />
      </div>
      <div
        className="jc-rate-star-second"
      >
        <i
          className="jcicon jcicon-heart "
          style={Object {}}
        />
      </div>
    </li>
    <li
      className="jc-rate-star jc-rate-star-zero"
      onClick={[Function]}
      onMouseMove={[Function]}
    >
      <div
        className="jc-rate-star-first"
      >
        <i
          className="jcicon jcicon-heart "
          style={Object {}}
        />
      </div>
      <div
        className="jc-rate-star-second"
      >
        <i
          className="jcicon jcicon-heart "
          style={Object {}}
        />
      </div>
    </li>
    <li
      className="jc-rate-star jc-rate-star-zero"
      onClick={[Function]}
      onMouseMove={[Function]}
    >
      <div
        className="jc-rate-star-first"
      >
        <i
          className="jcicon jcicon-heart "
          style={Object {}}
        />
      </div>
      <div
        className="jc-rate-star-second"
      >
        <i
          className="jcicon jcicon-heart "
          style={Object {}}
        />
      </div>
    </li>
    <li
      className="jc-rate-star jc-rate-star-zero"
      onClick={[Function]}
      onMouseMove={[Function]}
    >
      <div
        className="jc-rate-star-first"
      >
        <i
          className="jcicon jcicon-heart "
          style={Object {}}
        />
      </div>
      <div
        className="jc-rate-star-second"
      >
        <i
          className="jcicon jcicon-heart "
          style={Object {}}
        />
      </div>
    </li>
  </ul>
  <br />
  <ul
    className="jc-rate"
    onBlur={[Function]}
    onFocus={[Function]}
    onKeyDown={[Function]}
    onMouseLeave={[Function]}
    style={
      Object {
        "fontSize": 36,
      }
    }
    tabIndex={0}
  >
    <li
      className="jc-rate-star jc-rate-star-zero"
      onClick={[Function]}
      onMouseMove={[Function]}
    >
      <div
        className="jc-rate-star-first"
      >
        A
      </div>
      <div
        className="jc-rate-star-second"
      >
        A
      </div>
    </li>
    <li
      className="jc-rate-star jc-rate-star-zero"
      onClick={[Function]}
      onMouseMove={[Function]}
    >
      <div
        className="jc-rate-star-first"
      >
        A
      </div>
      <div
        className="jc-rate-star-second"
      >
        A
      </div>
    </li>
    <li
      className="jc-rate-star jc-rate-star-zero"
      onClick={[Function]}
      onMouseMove={[Function]}
    >
      <div
        className="jc-rate-star-first"
      >
        A
      </div>
      <div
        className="jc-rate-star-second"
      >
        A
      </div>
    </li>
    <li
      className="jc-rate-star jc-rate-star-zero"
      onClick={[Function]}
      onMouseMove={[Function]}
    >
      <div
        className="jc-rate-star-first"
      >
        A
      </div>
      <div
        className="jc-rate-star-second"
      >
        A
      </div>
    </li>
    <li
      className="jc-rate-star jc-rate-star-zero"
      onClick={[Function]}
      onMouseMove={[Function]}
    >
      <div
        className="jc-rate-star-first"
      >
        A
      </div>
      <div
        className="jc-rate-star-second"
      >
        A
      </div>
    </li>
  </ul>
  <br />
  <ul
    className="jc-rate"
    onBlur={[Function]}
    onFocus={[Function]}
    onKeyDown={[Function]}
    onMouseLeave={[Function]}
    style={Object {}}
    tabIndex={0}
  >
    <li
      className="jc-rate-star jc-rate-star-zero"
      onClick={[Function]}
      onMouseMove={[Function]}
    >
      <div
        className="jc-rate-star-first"
      >
        好
      </div>
      <div
        className="jc-rate-star-second"
      >
        好
      </div>
    </li>
    <li
      className="jc-rate-star jc-rate-star-zero"
      onClick={[Function]}
      onMouseMove={[Function]}
    >
      <div
        className="jc-rate-star-first"
      >
        好
      </div>
      <div
        className="jc-rate-star-second"
      >
        好
      </div>
    </li>
    <li
      className="jc-rate-star jc-rate-star-zero"
      onClick={[Function]}
      onMouseMove={[Function]}
    >
      <div
        className="jc-rate-star-first"
      >
        好
      </div>
      <div
        className="jc-rate-star-second"
      >
        好
      </div>
    </li>
    <li
      className="jc-rate-star jc-rate-star-zero"
      onClick={[Function]}
      onMouseMove={[Function]}
    >
      <div
        className="jc-rate-star-first"
      >
        好
      </div>
      <div
        className="jc-rate-star-second"
      >
        好
      </div>
    </li>
    <li
      className="jc-rate-star jc-rate-star-zero"
      onClick={[Function]}
      onMouseMove={[Function]}
    >
      <div
        className="jc-rate-star-first"
      >
        好
      </div>
      <div
        className="jc-rate-star-second"
      >
        好
      </div>
    </li>
  </ul>
</div>
`;

exports[`<Avatar /> Clear star 清除 1`] = `
<div>
  <ul
    className="jc-rate"
    onBlur={[Function]}
    onFocus={[Function]}
    onKeyDown={[Function]}
    onMouseLeave={[Function]}
    style={Object {}}
    tabIndex={0}
  >
    <li
      className="jc-rate-star jc-rate-star-full"
      onClick={[Function]}
      onMouseMove={[Function]}
    >
      <div
        className="jc-rate-star-first"
      >
        <i
          className="jcicon jcicon-star "
          style={Object {}}
        />
      </div>
      <div
        className="jc-rate-star-second"
      >
        <i
          className="jcicon jcicon-star "
          style={Object {}}
        />
      </div>
    </li>
    <li
      className="jc-rate-star jc-rate-star-full"
      onClick={[Function]}
      onMouseMove={[Function]}
    >
      <div
        className="jc-rate-star-first"
      >
        <i
          className="jcicon jcicon-star "
          style={Object {}}
        />
      </div>
      <div
        className="jc-rate-star-second"
      >
        <i
          className="jcicon jcicon-star "
          style={Object {}}
        />
      </div>
    </li>
    <li
      className="jc-rate-star jc-rate-star-full"
      onClick={[Function]}
      onMouseMove={[Function]}
    >
      <div
        className="jc-rate-star-first"
      >
        <i
          className="jcicon jcicon-star "
          style={Object {}}
        />
      </div>
      <div
        className="jc-rate-star-second"
      >
        <i
          className="jcicon jcicon-star "
          style={Object {}}
        />
      </div>
    </li>
    <li
      className="jc-rate-star jc-rate-star-zero"
      onClick={[Function]}
      onMouseMove={[Function]}
    >
      <div
        className="jc-rate-star-first"
      >
        <i
          className="jcicon jcicon-star "
          style={Object {}}
        />
      </div>
      <div
        className="jc-rate-star-second"
      >
        <i
          className="jcicon jcicon-star "
          style={Object {}}
        />
      </div>
    </li>
    <li
      className="jc-rate-star jc-rate-star-zero"
      onClick={[Function]}
      onMouseMove={[Function]}
    >
      <div
        className="jc-rate-star-first"
      >
        <i
          className="jcicon jcicon-star "
          style={Object {}}
        />
      </div>
      <div
        className="jc-rate-star-second"
      >
        <i
          className="jcicon jcicon-star "
          style={Object {}}
        />
      </div>
    </li>
  </ul>
   allowClear: true
  <br />
  <ul
    className="jc-rate"
    onBlur={[Function]}
    onFocus={[Function]}
    onKeyDown={[Function]}
    onMouseLeave={[Function]}
    style={Object {}}
    tabIndex={0}
  >
    <li
      className="jc-rate-star jc-rate-star-full"
      onClick={[Function]}
      onMouseMove={[Function]}
    >
      <div
        className="jc-rate-star-first"
      >
        <i
          className="jcicon jcicon-star "
          style={Object {}}
        />
      </div>
      <div
        className="jc-rate-star-second"
      >
        <i
          className="jcicon jcicon-star "
          style={Object {}}
        />
      </div>
    </li>
    <li
      className="jc-rate-star jc-rate-star-full"
      onClick={[Function]}
      onMouseMove={[Function]}
    >
      <div
        className="jc-rate-star-first"
      >
        <i
          className="jcicon jcicon-star "
          style={Object {}}
        />
      </div>
      <div
        className="jc-rate-star-second"
      >
        <i
          className="jcicon jcicon-star "
          style={Object {}}
        />
      </div>
    </li>
    <li
      className="jc-rate-star jc-rate-star-full"
      onClick={[Function]}
      onMouseMove={[Function]}
    >
      <div
        className="jc-rate-star-first"
      >
        <i
          className="jcicon jcicon-star "
          style={Object {}}
        />
      </div>
      <div
        className="jc-rate-star-second"
      >
        <i
          className="jcicon jcicon-star "
          style={Object {}}
        />
      </div>
    </li>
    <li
      className="jc-rate-star jc-rate-star-zero"
      onClick={[Function]}
      onMouseMove={[Function]}
    >
      <div
        className="jc-rate-star-first"
      >
        <i
          className="jcicon jcicon-star "
          style={Object {}}
        />
      </div>
      <div
        className="jc-rate-star-second"
      >
        <i
          className="jcicon jcicon-star "
          style={Object {}}
        />
      </div>
    </li>
    <li
      className="jc-rate-star jc-rate-star-zero"
      onClick={[Function]}
      onMouseMove={[Function]}
    >
      <div
        className="jc-rate-star-first"
      >
        <i
          className="jcicon jcicon-star "
          style={Object {}}
        />
      </div>
      <div
        className="jc-rate-star-second"
      >
        <i
          className="jcicon jcicon-star "
          style={Object {}}
        />
      </div>
    </li>
  </ul>
   allowClear: false
</div>
`;

exports[`<Avatar /> Half star 半星 1`] = `
<ul
  className="jc-rate"
  onBlur={[Function]}
  onFocus={[Function]}
  onKeyDown={[Function]}
  onMouseLeave={[Function]}
  style={Object {}}
  tabIndex={0}
>
  <li
    className="jc-rate-star jc-rate-star-full"
    onClick={[Function]}
    onMouseMove={[Function]}
  >
    <div
      className="jc-rate-star-first"
    >
      <i
        className="jcicon jcicon-star "
        style={Object {}}
      />
    </div>
    <div
      className="jc-rate-star-second"
    >
      <i
        className="jcicon jcicon-star "
        style={Object {}}
      />
    </div>
  </li>
  <li
    className="jc-rate-star jc-rate-star-full"
    onClick={[Function]}
    onMouseMove={[Function]}
  >
    <div
      className="jc-rate-star-first"
    >
      <i
        className="jcicon jcicon-star "
        style={Object {}}
      />
    </div>
    <div
      className="jc-rate-star-second"
    >
      <i
        className="jcicon jcicon-star "
        style={Object {}}
      />
    </div>
  </li>
  <li
    className="jc-rate-star jc-rate-star-half jc-rate-star-active"
    onClick={[Function]}
    onMouseMove={[Function]}
  >
    <div
      className="jc-rate-star-first"
    >
      <i
        className="jcicon jcicon-star "
        style={Object {}}
      />
    </div>
    <div
      className="jc-rate-star-second"
    >
      <i
        className="jcicon jcicon-star "
        style={Object {}}
      />
    </div>
  </li>
  <li
    className="jc-rate-star jc-rate-star-zero"
    onClick={[Function]}
    onMouseMove={[Function]}
  >
    <div
      className="jc-rate-star-first"
    >
      <i
        className="jcicon jcicon-star "
        style={Object {}}
      />
    </div>
    <div
      className="jc-rate-star-second"
    >
      <i
        className="jcicon jcicon-star "
        style={Object {}}
      />
    </div>
  </li>
  <li
    className="jc-rate-star jc-rate-star-zero"
    onClick={[Function]}
    onMouseMove={[Function]}
  >
    <div
      className="jc-rate-star-first"
    >
      <i
        className="jcicon jcicon-star "
        style={Object {}}
      />
    </div>
    <div
      className="jc-rate-star-second"
    >
      <i
        className="jcicon jcicon-star "
        style={Object {}}
      />
    </div>
  </li>
</ul>
`;

exports[`<Avatar /> Read only 只读 1`] = `
<ul
  className="jc-rate jc-rate-disabled"
  onBlur={null}
  onFocus={null}
  onKeyDown={null}
  onMouseLeave={null}
  style={Object {}}
  tabIndex={-1}
>
  <li
    className="jc-rate-star jc-rate-star-full"
    onClick={null}
    onMouseMove={null}
  >
    <div
      className="jc-rate-star-first"
    >
      <i
        className="jcicon jcicon-star "
        style={Object {}}
      />
    </div>
    <div
      className="jc-rate-star-second"
    >
      <i
        className="jcicon jcicon-star "
        style={Object {}}
      />
    </div>
  </li>
  <li
    className="jc-rate-star jc-rate-star-full"
    onClick={null}
    onMouseMove={null}
  >
    <div
      className="jc-rate-star-first"
    >
      <i
        className="jcicon jcicon-star "
        style={Object {}}
      />
    </div>
    <div
      className="jc-rate-star-second"
    >
      <i
        className="jcicon jcicon-star "
        style={Object {}}
      />
    </div>
  </li>
  <li
    className="jc-rate-star jc-rate-star-zero"
    onClick={null}
    onMouseMove={null}
  >
    <div
      className="jc-rate-star-first"
    >
      <i
        className="jcicon jcicon-star "
        style={Object {}}
      />
    </div>
    <div
      className="jc-rate-star-second"
    >
      <i
        className="jcicon jcicon-star "
        style={Object {}}
      />
    </div>
  </li>
  <li
    className="jc-rate-star jc-rate-star-zero"
    onClick={null}
    onMouseMove={null}
  >
    <div
      className="jc-rate-star-first"
    >
      <i
        className="jcicon jcicon-star "
        style={Object {}}
      />
    </div>
    <div
      className="jc-rate-star-second"
    >
      <i
        className="jcicon jcicon-star "
        style={Object {}}
      />
    </div>
  </li>
  <li
    className="jc-rate-star jc-rate-star-zero"
    onClick={null}
    onMouseMove={null}
  >
    <div
      className="jc-rate-star-first"
    >
      <i
        className="jcicon jcicon-star "
        style={Object {}}
      />
    </div>
    <div
      className="jc-rate-star-second"
    >
      <i
        className="jcicon jcicon-star "
        style={Object {}}
      />
    </div>
  </li>
</ul>
`;

exports[`<Avatar /> Show copywriting 文案展现 1`] = `
<span>
  <ul
    className="jc-rate"
    onBlur={[Function]}
    onFocus={[Function]}
    onKeyDown={[Function]}
    onMouseLeave={[Function]}
    style={Object {}}
    tabIndex={0}
  >
    <li
      className="jc-rate-star jc-rate-star-full"
      onClick={[Function]}
      onMouseMove={[Function]}
    >
      <div
        className="jc-rate-star-first"
      >
        <i
          className="jcicon jcicon-star "
          style={Object {}}
        />
      </div>
      <div
        className="jc-rate-star-second"
      >
        <i
          className="jcicon jcicon-star "
          style={Object {}}
        />
      </div>
    </li>
    <li
      className="jc-rate-star jc-rate-star-full"
      onClick={[Function]}
      onMouseMove={[Function]}
    >
      <div
        className="jc-rate-star-first"
      >
        <i
          className="jcicon jcicon-star "
          style={Object {}}
        />
      </div>
      <div
        className="jc-rate-star-second"
      >
        <i
          className="jcicon jcicon-star "
          style={Object {}}
        />
      </div>
    </li>
    <li
      className="jc-rate-star jc-rate-star-full"
      onClick={[Function]}
      onMouseMove={[Function]}
    >
      <div
        className="jc-rate-star-first"
      >
        <i
          className="jcicon jcicon-star "
          style={Object {}}
        />
      </div>
      <div
        className="jc-rate-star-second"
      >
        <i
          className="jcicon jcicon-star "
          style={Object {}}
        />
      </div>
    </li>
    <li
      className="jc-rate-star jc-rate-star-zero"
      onClick={[Function]}
      onMouseMove={[Function]}
    >
      <div
        className="jc-rate-star-first"
      >
        <i
          className="jcicon jcicon-star "
          style={Object {}}
        />
      </div>
      <div
        className="jc-rate-star-second"
      >
        <i
          className="jcicon jcicon-star "
          style={Object {}}
        />
      </div>
    </li>
    <li
      className="jc-rate-star jc-rate-star-zero"
      onClick={[Function]}
      onMouseMove={[Function]}
    >
      <div
        className="jc-rate-star-first"
      >
        <i
          className="jcicon jcicon-star "
          style={Object {}}
        />
      </div>
      <div
        className="jc-rate-star-second"
      >
        <i
          className="jcicon jcicon-star "
          style={Object {}}
        />
      </div>
    </li>
  </ul>
  <span
    className="jc-rate-text"
  >
    3
     stars
  </span>
</span>
`;
