// Jest Snapshot v1, https://goo.gl/fbAQLP

exports[`Popconfirm should show overlay when trigger is clicked 1`] = `"<div class=\\"jc-popover-content\\"><div class=\\"jc-popover-arrow\\"></div><div class=\\"jc-popover-inner\\"><div><div class=\\"jc-popover-inner-content\\"><div class=\\"jc-popover-message\\"><i class=\\"jcicon jcicon-exclamation-circle \\"></i><div class=\\"jc-popover-message-title\\">code</div></div><div class=\\"jc-popover-buttons\\"><button type=\\"button\\" class=\\"jc-btn jc-btn-sm\\"><span>Cancel</span></button><button type=\\"button\\" class=\\"jc-btn jc-btn-primary jc-btn-sm\\"><span>OK</span></button></div></div></div></div></div>"`;

exports[`Popconfirm should show overlay when trigger is clicked 2`] = `"<div class=\\"jc-popover-content\\"><div class=\\"jc-popover-arrow\\"></div><div class=\\"jc-popover-inner\\"><div><div class=\\"jc-popover-inner-content\\"><div class=\\"jc-popover-message\\"><i class=\\"jcicon jcicon-exclamation-circle \\"></i><div class=\\"jc-popover-message-title\\">code</div></div><div class=\\"jc-popover-buttons\\"><button type=\\"button\\" class=\\"jc-btn jc-btn-sm\\"><span>Cancel</span></button><button type=\\"button\\" class=\\"jc-btn jc-btn-primary jc-btn-sm\\"><span>OK</span></button></div></div></div></div></div>"`;
